// Jest Snapshot v1, https://goo.gl/fbAQLP

exports[`Calculator Calculator Component renders correctly 1`] = `
<section
  className="calc"
>
  <h2>
    Let's do some Math!
  </h2>
  <div
    className="calculator"
  >
    <div
      className="result darkGray"
    >
      0
    </div>
    <div
      className="buttons"
    >
      <button
        className="grayColor"
        data-testid="button"
        onClick={[Function]}
        type="button"
      >
        AC
      </button>
      <button
        className="grayColor"
        onClick={[Function]}
        type="button"
      >
        +/-
      </button>
      <button
        className="grayColor"
        onClick={[Function]}
        type="button"
      >
        %
      </button>
      <button
        className="orangeColor"
        onClick={[Function]}
        type="button"
      >
        รท
      </button>
      <button
        className="grayColor"
        onClick={[Function]}
        type="button"
      >
        7
      </button>
      <button
        className="grayColor"
        onClick={[Function]}
        type="button"
      >
        8
      </button>
      <button
        className="grayColor"
        onClick={[Function]}
        type="button"
      >
        9
      </button>
      <button
        className="orangeColor"
        onClick={[Function]}
        type="button"
      >
        x
      </button>
      <button
        className="grayColor"
        onClick={[Function]}
        type="button"
      >
        4
      </button>
      <button
        className="grayColor"
        onClick={[Function]}
        type="button"
      >
        5
      </button>
      <button
        className="grayColor"
        onClick={[Function]}
        type="button"
      >
        6
      </button>
      <button
        className="orangeColor"
        onClick={[Function]}
        type="button"
      >
        -
      </button>
      <button
        className="grayColor"
        onClick={[Function]}
        type="button"
      >
        1
      </button>
      <button
        className="grayColor"
        onClick={[Function]}
        type="button"
      >
        2
      </button>
      <button
        className="grayColor"
        onClick={[Function]}
        type="button"
      >
        3
      </button>
      <button
        className="orangeColor"
        onClick={[Function]}
        type="button"
      >
        +
      </button>
      <button
        className="twoTimesWidth grayColor"
        onClick={[Function]}
        type="button"
      >
        0
      </button>
      <button
        className="grayColor"
        onClick={[Function]}
        type="button"
      >
        .
      </button>
      <button
        className="orangeColor"
        onClick={[Function]}
        type="button"
      >
        =
      </button>
    </div>
  </div>
</section>
`;
