// Jest Snapshot v1, https://goo.gl/fbAQLP

exports[`Result Result Component renders correctly 1`] = `
<div
  className="result darkGray"
/>
`;
